// Jest Snapshot v1, https://goo.gl/fbAQLP

exports[`Pruebas en el componente ProductInformation Debe de verse 1`] = `ShallowWrapper {}`;
